MALT5.21 10-Apr-07      Run 07/08/2017  17:26
 
Fitfile                       
Input                        co_c6.prm
Comment                      Clean air, 1000mb 30C, 26m                                      
Output                       C:\Users\jimmy\Documents\MTest\co_c6.*
Bgndfile                     
 
Output region +/- extension    1999.990       2245.004          0.997
Full calculation region        1960.799       2284.194
Grid (high, low)               0.009869       0.009869
Npts (high, low, out)             32768          32768          24827
Apodisation, fit resolution      Boxcar          0.100
Init_shift, SNR                   0.000             0.
FOV, eff. apod.                   3.000          0.000
phase, misalignment               0.000          0.000
sym1, sym2                        0.000          0.000
pressure shift, FOVshift              T              F
Voigt vary, width, cutoff           0.0          200.0        0.0E+00
 
Layer 1: Sample         
P/mb, T/K, path/m              1000.000   303.000     3.000
broad, isoscale                   0.000         0
Mol   Iso       vmr    #lines    #Voigt     Linelist                        sec
CO      0  1.50E-04       861       715     c:\HITRAN\HITRAN08.par         0.03
 
 
 Written co_c6_Lay1_CO.spc
 Written co_c6.spc, Transmission spectrum 
 
MALT5.21 10-Apr-07 finished 
